--------------------------------------------------------------------------------
Release 14.7 Trace  (nt64)
Copyright (c) 1995-2013 Xilinx, Inc.  All rights reserved.

C:\Xilinx\14.7\ISE_DS\ISE\bin\nt64\unwrapped\trce.exe -intstyle ise -v 3 -s 5
-n 3 -fastpaths -xml ALU16_bit.twx ALU16_bit.ncd -o ALU16_bit.twr ALU16_bit.pcf

Design file:              ALU16_bit.ncd
Physical constraint file: ALU16_bit.pcf
Device,package,speed:     xc3s400,pq208,-5 (PRODUCTION 1.39 2013-10-13)
Report level:             verbose report

Environment Variable      Effect 
--------------------      ------ 
NONE                      No environment variables were set
--------------------------------------------------------------------------------

INFO:Timing:2698 - No timing constraints found, doing default enumeration.
INFO:Timing:3412 - To improve timing, see the Timing Closure User Guide (UG612).
INFO:Timing:2752 - To get complete path coverage, use the unconstrained paths 
   option. All paths that are not constrained will be reported in the 
   unconstrained paths section(s) of the report.
INFO:Timing:3339 - The clock-to-out numbers in this timing report are based on 
   a 50 Ohm transmission line loading model.  For the details of this model, 
   and for more information on accounting for different loading conditions, 
   please see the device datasheet.
INFO:Timing:3390 - This architecture does not support a default System Jitter 
   value, please add SYSTEM_JITTER constraint to the UCF to modify the Clock 
   Uncertainty calculation.
INFO:Timing:3389 - This architecture does not support 'Discrete Jitter' and 
   'Phase Error' calculations, these terms will be zero in the Clock 
   Uncertainty calculation.  Please make appropriate modification to 
   SYSTEM_JITTER to account for the unsupported Discrete Jitter and Phase 
   Error.



Data Sheet report:
-----------------
All values displayed in nanoseconds (ns)

Pad to Pad
---------------+---------------+---------+
Source Pad     |Destination Pad|  Delay  |
---------------+---------------+---------+
A<0>           |Z<0>           |   11.516|
A<0>           |Z<1>           |   12.812|
A<0>           |Z<2>           |   12.588|
A<0>           |Z<3>           |   12.497|
A<0>           |Z<4>           |   12.658|
A<0>           |Z<5>           |   12.278|
A<0>           |Z<6>           |   11.924|
A<0>           |Z<7>           |   11.071|
A<0>           |Z<8>           |   10.560|
A<0>           |Z<9>           |   11.346|
A<0>           |Z<10>          |   11.457|
A<0>           |Z<11>          |   11.275|
A<0>           |Z<12>          |   11.939|
A<0>           |Z<13>          |   11.621|
A<0>           |Z<14>          |   12.177|
A<0>           |Z<15>          |   11.515|
A<1>           |Z<0>           |    9.221|
A<1>           |Z<1>           |   12.163|
A<1>           |Z<2>           |   12.325|
A<1>           |Z<3>           |   12.234|
A<1>           |Z<4>           |   12.395|
A<1>           |Z<5>           |   12.015|
A<1>           |Z<6>           |   11.661|
A<1>           |Z<7>           |   10.808|
A<1>           |Z<8>           |   10.297|
A<1>           |Z<9>           |   11.083|
A<1>           |Z<10>          |   11.194|
A<1>           |Z<11>          |   11.012|
A<1>           |Z<12>          |   11.676|
A<1>           |Z<13>          |   11.358|
A<1>           |Z<14>          |   11.914|
A<1>           |Z<15>          |   11.252|
A<2>           |Z<1>           |   11.382|
A<2>           |Z<2>           |   12.098|
A<2>           |Z<3>           |   12.546|
A<2>           |Z<4>           |   12.904|
A<2>           |Z<5>           |   12.524|
A<2>           |Z<6>           |   12.170|
A<2>           |Z<7>           |   11.317|
A<2>           |Z<8>           |   10.806|
A<2>           |Z<9>           |   11.592|
A<2>           |Z<10>          |   11.703|
A<2>           |Z<11>          |   11.521|
A<2>           |Z<12>          |   12.185|
A<2>           |Z<13>          |   11.867|
A<2>           |Z<14>          |   12.423|
A<2>           |Z<15>          |   11.761|
A<3>           |Z<2>           |    9.703|
A<3>           |Z<3>           |   11.620|
A<3>           |Z<4>           |   12.364|
A<3>           |Z<5>           |   11.984|
A<3>           |Z<6>           |   11.630|
A<3>           |Z<7>           |   10.777|
A<3>           |Z<8>           |   10.266|
A<3>           |Z<9>           |   11.052|
A<3>           |Z<10>          |   11.163|
A<3>           |Z<11>          |   10.981|
A<3>           |Z<12>          |   11.645|
A<3>           |Z<13>          |   11.327|
A<3>           |Z<14>          |   11.883|
A<3>           |Z<15>          |   11.221|
A<4>           |Z<3>           |    9.452|
A<4>           |Z<4>           |   11.563|
A<4>           |Z<5>           |   11.722|
A<4>           |Z<6>           |   11.565|
A<4>           |Z<7>           |   10.712|
A<4>           |Z<8>           |   10.201|
A<4>           |Z<9>           |   10.987|
A<4>           |Z<10>          |   11.098|
A<4>           |Z<11>          |   10.916|
A<4>           |Z<12>          |   11.580|
A<4>           |Z<13>          |   11.262|
A<4>           |Z<14>          |   11.818|
A<4>           |Z<15>          |   11.156|
A<5>           |Z<4>           |   10.673|
A<5>           |Z<5>           |   12.131|
A<5>           |Z<6>           |   12.360|
A<5>           |Z<7>           |   11.507|
A<5>           |Z<8>           |   10.996|
A<5>           |Z<9>           |   11.782|
A<5>           |Z<10>          |   11.893|
A<5>           |Z<11>          |   11.711|
A<5>           |Z<12>          |   12.375|
A<5>           |Z<13>          |   12.057|
A<5>           |Z<14>          |   12.613|
A<5>           |Z<15>          |   11.951|
A<6>           |Z<5>           |   10.336|
A<6>           |Z<6>           |   11.337|
A<6>           |Z<7>           |   11.023|
A<6>           |Z<8>           |   10.709|
A<6>           |Z<9>           |   11.495|
A<6>           |Z<10>          |   11.606|
A<6>           |Z<11>          |   11.424|
A<6>           |Z<12>          |   12.088|
A<6>           |Z<13>          |   11.770|
A<6>           |Z<14>          |   12.326|
A<6>           |Z<15>          |   11.664|
A<7>           |Z<6>           |    9.868|
A<7>           |Z<7>           |   10.441|
A<7>           |Z<8>           |   10.513|
A<7>           |Z<9>           |   11.299|
A<7>           |Z<10>          |   11.410|
A<7>           |Z<11>          |   11.228|
A<7>           |Z<12>          |   11.892|
A<7>           |Z<13>          |   11.574|
A<7>           |Z<14>          |   12.130|
A<7>           |Z<15>          |   11.468|
A<8>           |Z<7>           |    8.352|
A<8>           |Z<8>           |   10.075|
A<8>           |Z<9>           |   11.400|
A<8>           |Z<10>          |   11.708|
A<8>           |Z<11>          |   11.526|
A<8>           |Z<12>          |   12.190|
A<8>           |Z<13>          |   11.872|
A<8>           |Z<14>          |   12.428|
A<8>           |Z<15>          |   11.766|
A<9>           |Z<8>           |    7.761|
A<9>           |Z<9>           |    9.682|
A<9>           |Z<10>          |   10.376|
A<9>           |Z<11>          |   10.194|
A<9>           |Z<12>          |   10.858|
A<9>           |Z<13>          |   10.540|
A<9>           |Z<14>          |   11.096|
A<9>           |Z<15>          |   10.434|
A<10>          |Z<9>           |    8.799|
A<10>          |Z<10>          |   10.062|
A<10>          |Z<11>          |   10.419|
A<10>          |Z<12>          |   11.280|
A<10>          |Z<13>          |   10.962|
A<10>          |Z<14>          |   11.518|
A<10>          |Z<15>          |   10.856|
A<11>          |Z<10>          |    8.454|
A<11>          |Z<11>          |   10.875|
A<11>          |Z<12>          |   12.122|
A<11>          |Z<13>          |   11.804|
A<11>          |Z<14>          |   12.360|
A<11>          |Z<15>          |   11.698|
A<12>          |Z<11>          |    8.459|
A<12>          |Z<12>          |   11.313|
A<12>          |Z<13>          |   11.534|
A<12>          |Z<14>          |   12.287|
A<12>          |Z<15>          |   11.625|
A<13>          |Z<12>          |    9.094|
A<13>          |Z<13>          |   11.170|
A<13>          |Z<14>          |   12.309|
A<13>          |Z<15>          |   11.647|
A<14>          |Z<13>          |    8.400|
A<14>          |Z<14>          |   10.309|
A<14>          |Z<15>          |   10.186|
A<15>          |Z<14>          |    8.395|
A<15>          |Z<15>          |    9.541|
B<0>           |Z<0>           |   11.165|
B<0>           |Z<1>           |   12.461|
B<0>           |Z<2>           |   12.237|
B<0>           |Z<3>           |   12.146|
B<0>           |Z<4>           |   12.307|
B<0>           |Z<5>           |   11.927|
B<0>           |Z<6>           |   11.573|
B<0>           |Z<7>           |   10.720|
B<0>           |Z<8>           |   10.209|
B<0>           |Z<9>           |   10.995|
B<0>           |Z<10>          |   11.106|
B<0>           |Z<11>          |   10.924|
B<0>           |Z<12>          |   11.588|
B<0>           |Z<13>          |   11.270|
B<0>           |Z<14>          |   11.826|
B<0>           |Z<15>          |   11.164|
B<1>           |Z<1>           |   12.012|
B<1>           |Z<2>           |   12.174|
B<1>           |Z<3>           |   12.083|
B<1>           |Z<4>           |   12.244|
B<1>           |Z<5>           |   11.864|
B<1>           |Z<6>           |   11.510|
B<1>           |Z<7>           |   10.657|
B<1>           |Z<8>           |   10.146|
B<1>           |Z<9>           |   10.932|
B<1>           |Z<10>          |   11.043|
B<1>           |Z<11>          |   10.861|
B<1>           |Z<12>          |   11.525|
B<1>           |Z<13>          |   11.207|
B<1>           |Z<14>          |   11.763|
B<1>           |Z<15>          |   11.101|
B<2>           |Z<2>           |   11.874|
B<2>           |Z<3>           |   12.322|
B<2>           |Z<4>           |   12.680|
B<2>           |Z<5>           |   12.300|
B<2>           |Z<6>           |   11.946|
B<2>           |Z<7>           |   11.093|
B<2>           |Z<8>           |   10.582|
B<2>           |Z<9>           |   11.368|
B<2>           |Z<10>          |   11.479|
B<2>           |Z<11>          |   11.297|
B<2>           |Z<12>          |   11.961|
B<2>           |Z<13>          |   11.643|
B<2>           |Z<14>          |   12.199|
B<2>           |Z<15>          |   11.537|
B<3>           |Z<3>           |   11.955|
B<3>           |Z<4>           |   12.699|
B<3>           |Z<5>           |   12.319|
B<3>           |Z<6>           |   11.965|
B<3>           |Z<7>           |   11.112|
B<3>           |Z<8>           |   10.601|
B<3>           |Z<9>           |   11.387|
B<3>           |Z<10>          |   11.498|
B<3>           |Z<11>          |   11.316|
B<3>           |Z<12>          |   11.980|
B<3>           |Z<13>          |   11.662|
B<3>           |Z<14>          |   12.218|
B<3>           |Z<15>          |   11.556|
B<4>           |Z<4>           |   12.662|
B<4>           |Z<5>           |   12.821|
B<4>           |Z<6>           |   12.664|
B<4>           |Z<7>           |   11.811|
B<4>           |Z<8>           |   11.300|
B<4>           |Z<9>           |   12.086|
B<4>           |Z<10>          |   12.197|
B<4>           |Z<11>          |   12.015|
B<4>           |Z<12>          |   12.679|
B<4>           |Z<13>          |   12.361|
B<4>           |Z<14>          |   12.917|
B<4>           |Z<15>          |   12.255|
B<5>           |Z<5>           |   11.843|
B<5>           |Z<6>           |   12.072|
B<5>           |Z<7>           |   11.219|
B<5>           |Z<8>           |   10.708|
B<5>           |Z<9>           |   11.494|
B<5>           |Z<10>          |   11.605|
B<5>           |Z<11>          |   11.423|
B<5>           |Z<12>          |   12.087|
B<5>           |Z<13>          |   11.769|
B<5>           |Z<14>          |   12.325|
B<5>           |Z<15>          |   11.663|
B<6>           |Z<6>           |   11.314|
B<6>           |Z<7>           |   11.000|
B<6>           |Z<8>           |   10.686|
B<6>           |Z<9>           |   11.472|
B<6>           |Z<10>          |   11.583|
B<6>           |Z<11>          |   11.401|
B<6>           |Z<12>          |   12.065|
B<6>           |Z<13>          |   11.747|
B<6>           |Z<14>          |   12.303|
B<6>           |Z<15>          |   11.641|
B<7>           |Z<7>           |   10.324|
B<7>           |Z<8>           |   10.396|
B<7>           |Z<9>           |   11.182|
B<7>           |Z<10>          |   11.293|
B<7>           |Z<11>          |   11.111|
B<7>           |Z<12>          |   11.775|
B<7>           |Z<13>          |   11.457|
B<7>           |Z<14>          |   12.013|
B<7>           |Z<15>          |   11.351|
B<8>           |Z<8>           |    8.895|
B<8>           |Z<9>           |   10.220|
B<8>           |Z<10>          |   10.528|
B<8>           |Z<11>          |   10.346|
B<8>           |Z<12>          |   11.010|
B<8>           |Z<13>          |   10.692|
B<8>           |Z<14>          |   11.248|
B<8>           |Z<15>          |   10.586|
B<9>           |Z<9>           |    9.179|
B<9>           |Z<10>          |    9.873|
B<9>           |Z<11>          |    9.691|
B<9>           |Z<12>          |   10.355|
B<9>           |Z<13>          |   10.037|
B<9>           |Z<14>          |   10.593|
B<9>           |Z<15>          |    9.931|
B<10>          |Z<10>          |   10.799|
B<10>          |Z<11>          |   11.156|
B<10>          |Z<12>          |   12.017|
B<10>          |Z<13>          |   11.699|
B<10>          |Z<14>          |   12.255|
B<10>          |Z<15>          |   11.593|
B<11>          |Z<11>          |   10.411|
B<11>          |Z<12>          |   11.658|
B<11>          |Z<13>          |   11.340|
B<11>          |Z<14>          |   11.896|
B<11>          |Z<15>          |   11.234|
B<12>          |Z<12>          |   10.482|
B<12>          |Z<13>          |   10.703|
B<12>          |Z<14>          |   11.456|
B<12>          |Z<15>          |   10.794|
B<13>          |Z<13>          |    9.848|
B<13>          |Z<14>          |   10.987|
B<13>          |Z<15>          |   10.325|
B<14>          |Z<14>          |   10.887|
B<14>          |Z<15>          |   10.764|
B<15>          |Z<15>          |    9.527|
FUN<0>         |Z<0>           |   10.357|
FUN<0>         |Z<1>           |   11.836|
FUN<0>         |Z<2>           |   10.974|
FUN<0>         |Z<3>           |   10.841|
FUN<0>         |Z<4>           |   10.240|
FUN<0>         |Z<5>           |    9.793|
FUN<0>         |Z<6>           |   10.355|
FUN<0>         |Z<7>           |   10.501|
FUN<0>         |Z<8>           |    9.734|
FUN<0>         |Z<9>           |   10.221|
FUN<0>         |Z<10>          |   10.795|
FUN<0>         |Z<11>          |   10.581|
FUN<0>         |Z<12>          |   11.065|
FUN<0>         |Z<13>          |   10.179|
FUN<0>         |Z<14>          |   10.365|
FUN<0>         |Z<15>          |   10.098|
FUN<1>         |Z<0>           |   10.471|
FUN<1>         |Z<1>           |   11.129|
FUN<1>         |Z<2>           |   10.457|
FUN<1>         |Z<3>           |   10.644|
FUN<1>         |Z<4>           |   10.151|
FUN<1>         |Z<5>           |   10.288|
FUN<1>         |Z<6>           |    9.838|
FUN<1>         |Z<7>           |    9.890|
FUN<1>         |Z<8>           |    9.273|
FUN<1>         |Z<9>           |    9.760|
FUN<1>         |Z<10>          |   10.184|
FUN<1>         |Z<11>          |    9.689|
FUN<1>         |Z<12>          |   10.173|
FUN<1>         |Z<13>          |    9.519|
FUN<1>         |Z<14>          |   10.199|
FUN<1>         |Z<15>          |    9.637|
---------------+---------------+---------+


Analysis completed Mon Oct 19 20:39:29 2020 
--------------------------------------------------------------------------------

Trace Settings:
-------------------------
Trace Settings 

Peak Memory Usage: 4478 MB



